// Jest Snapshot v1, https://goo.gl/fbAQLP

exports[`ReportDetailSampleComponent should match the snapshot 1`] = `
<app-report-detail-sample
  _reportService={[Function MockReportService]}
  childGroupColumns={[Function Array]}
  loading="false"
  report={[Function Object]}
>
  <h2>
    Sample
  </h2>
  
  <div>
    
    
    <div
      class="form-group"
    >
      
      
      <label>
        Child group (different documents)
      </label>
      
      
      
      
    
    </div>
    
  
  </div>
  
  <div>
    
    
    
    <div>
      
      
      <button
        class="btn btn-primary"
        type="button"
      >
        
        Download sample
      
      </button>
      
    
    </div>
    
    
    
    
  
  </div>
  
  
  
</app-report-detail-sample>
`;
