// Jest Snapshot v1, https://goo.gl/fbAQLP

exports[`ReportListComponent should match the snapshot 1`] = `
<app-report-list
  _promiseWaiter={[Function ZoneAwarePromise]}
  _reportService={[Function MockReportService]}
  reports={[Function Array]}
>
  <h2>
    Report templates
  </h2>
  
  <mat-list
    class="mat-list"
    role="list"
  >
    
    
    
    
  
  </mat-list>
  
</app-report-list>
`;
